[10368:14864:0408/042412.494:WARNING:chrome_main_delegate.cc(745)] This is Chrome version 128.0.6613.138 (not a warning)
[10368:14864:0408/042412.701:ERROR:os_crypt_win.cc(100)] Failed to decrypt: Key not valid for use in specified state. (0x8009000B)
[10368:2544:0408/042412.848:ERROR:google_update_settings.cc(265)] Failed opening key Software\Chromium to set usagestats; result: 5
[10368:14864:0408/042413.013:WARNING:account_consistency_mode_manager.cc(77)] Desktop Identity Consistency cannot be enabled as no OAuth client ID and client secret have been configured.
[10368:2544:0408/042417.714:WARNING:leveldb_database.cc(141)] Unable to open C:\Users\harvw\UnrealProjects\The-Devouring-Hour\TheDevouringHour\Saved\webcache_6613_1\Default\shared_proto_db\metadata: IO error: C:\Users\harvw\UnrealProjects\The-Devouring-Hour\TheDevouringHour\Saved\webcache_6613_1\Default\shared_proto_db\metadata/MANIFEST-000001: Unable to create sequential file (ChromeMethodBFE: 7::NewSequentialFile::1)
[10368:2544:0408/042417.717:WARNING:leveldb_database.cc(141)] Unable to open C:\Users\harvw\UnrealProjects\The-Devouring-Hour\TheDevouringHour\Saved\webcache_6613_1\Default\shared_proto_db\metadata: IO error: C:\Users\harvw\UnrealProjects\The-Devouring-Hour\TheDevouringHour\Saved\webcache_6613_1\Default\shared_proto_db\metadata/MANIFEST-000001: Unable to create sequential file (ChromeMethodBFE: 7::NewSequentialFile::1)
[10368:2544:0408/042417.719:WARNING:leveldb_database.cc(141)] Unable to open C:\Users\harvw\UnrealProjects\The-Devouring-Hour\TheDevouringHour\Saved\webcache_6613_1\Default\shared_proto_db\metadata: IO error: C:\Users\harvw\UnrealProjects\The-Devouring-Hour\TheDevouringHour\Saved\webcache_6613_1\Default\shared_proto_db\metadata/MANIFEST-000001: Unable to create sequential file (ChromeMethodBFE: 7::NewSequentialFile::1)
[10368:2544:0408/042417.721:WARNING:leveldb_database.cc(141)] Unable to open C:\Users\harvw\UnrealProjects\The-Devouring-Hour\TheDevouringHour\Saved\webcache_6613_1\Default\shared_proto_db\metadata: IO error: C:\Users\harvw\UnrealProjects\The-Devouring-Hour\TheDevouringHour\Saved\webcache_6613_1\Default\shared_proto_db\metadata/MANIFEST-000001: Unable to create sequential file (ChromeMethodBFE: 7::NewSequentialFile::1)
[10368:2544:0408/042418.663:WARNING:value_store_frontend.cc(47)] Reading ahfgeienlihckogmohjhadlkjgocpleb.alarms from  failed: IO error: .../MANIFEST-000001: Unable to create sequential file (ChromeMethodBFE: 7::NewSequentialFile::1)
[10368:2544:0408/042418.664:WARNING:value_store_frontend.cc(47)] Reading mhjfbmdgcfjbbpaeojofohoefgiehjai.alarms from  failed: IO error: .../MANIFEST-000001: Unable to create sequential file (ChromeMethodBFE: 7::NewSequentialFile::1)
[10368:14864:0408/042418.727:ERROR:device_event_log_impl.cc(196)] [04:24:18.661] USB: usb_service_win.cc:105 SetupDiGetDeviceProperty({{A45C254E-DF1C-4EFD-8020-67D146A850E0}, 6}) failed: Element not found. (0x490)
[10368:24260:0408/042418.933:WARNING:leveldb_database.cc(141)] Unable to open C:\Users\harvw\UnrealProjects\The-Devouring-Hour\TheDevouringHour\Saved\webcache_6613_1\Default\GCM Store\Encryption: IO error: C:\Users\harvw\UnrealProjects\The-Devouring-Hour\TheDevouringHour\Saved\webcache_6613_1\Default\GCM Store\Encryption/MANIFEST-000001: Unable to create sequential file (ChromeMethodBFE: 7::NewSequentialFile::1)
[5156:22284:0408/042419.050:WARNING:frame_impl.cc(430)] virtual CefFrameImpl::SendProcessMessage sent to detached frame 5-48E4183BCA2D37FF0D0E941F5D7EC2FA will be ignored
[10368:26396:0408/042419.649:WARNING:browser_info.cc(345)] Returning a speculative frame for [9,9]
[10368:14864:0408/042419.737:WARNING:browser_info.cc(345)] Returning a speculative frame for [15,5]
[10368:14864:0408/042419.737:WARNING:browser_info.cc(345)] Returning a speculative frame for [15,5]
[10368:14864:0408/042419.737:WARNING:browser_info.cc(345)] Returning a speculative frame for [15,5]
[10368:14864:0408/042419.737:WARNING:browser_info.cc(345)] Returning a speculative frame for [15,5]
[10368:26396:0408/042419.806:WARNING:browser_info.cc(345)] Returning a speculative frame for [15,5]
[27352:19876:0408/042631.230:WARNING:frame_impl.cc(430)] virtual CefFrameImpl::SendProcessMessage sent to detached frame 6-12B7B71C1786632BF6B56D12CCF0A016 will be ignored
[10368:14864:0408/061725.186:ERROR:device_event_log_impl.cc(196)] [06:17:25.037] USB: usb_service_win.cc:105 SetupDiGetDeviceProperty({{A45C254E-DF1C-4EFD-8020-67D146A850E0}, 6}) failed: Element not found. (0x490)
[10368:14864:0408/061727.860:ERROR:device_event_log_impl.cc(196)] [06:17:27.679] USB: usb_service_win.cc:105 SetupDiGetDeviceProperty({{A45C254E-DF1C-4EFD-8020-67D146A850E0}, 6}) failed: Element not found. (0x490)
[10368:14864:0408/063700.447:WARNING:pref_notifier_impl.cc(41)] Pref observer for media_router.cast_allow_all_ips found at shutdown.
