[26112:19132:0201/222414.006:WARNING:chrome_main_delegate.cc(745)] This is Chrome version 128.0.6613.138 (not a warning)
[26112:19132:0201/222414.046:ERROR:os_crypt_win.cc(100)] Failed to decrypt: Key not valid for use in specified state. (0x8009000B)
[26112:29272:0201/222414.078:ERROR:google_update_settings.cc(265)] Failed opening key Software\Chromium to set usagestats; result: 5
[26112:19132:0201/222414.124:WARNING:account_consistency_mode_manager.cc(77)] Desktop Identity Consistency cannot be enabled as no OAuth client ID and client secret have been configured.
[26112:29272:0201/222419.583:WARNING:leveldb_database.cc(141)] Unable to open C:\Users\reese\Documents\GitHub\The-Devouring-Hour\TheDevouringHour\Saved\webcache_6613\Default\shared_proto_db\metadata: IO error: C:\Users\reese\Documents\GitHub\The-Devouring-Hour\TheDevouringHour\Saved\webcache_6613\Default\shared_proto_db\metadata/MANIFEST-000001: Unable to create sequential file (ChromeMethodBFE: 7::NewSequentialFile::1)
[26112:29272:0201/222419.588:WARNING:leveldb_database.cc(141)] Unable to open C:\Users\reese\Documents\GitHub\The-Devouring-Hour\TheDevouringHour\Saved\webcache_6613\Default\shared_proto_db\metadata: IO error: C:\Users\reese\Documents\GitHub\The-Devouring-Hour\TheDevouringHour\Saved\webcache_6613\Default\shared_proto_db\metadata/MANIFEST-000001: Unable to create sequential file (ChromeMethodBFE: 7::NewSequentialFile::1)
[26112:29272:0201/222419.591:WARNING:leveldb_database.cc(141)] Unable to open C:\Users\reese\Documents\GitHub\The-Devouring-Hour\TheDevouringHour\Saved\webcache_6613\Default\shared_proto_db\metadata: IO error: C:\Users\reese\Documents\GitHub\The-Devouring-Hour\TheDevouringHour\Saved\webcache_6613\Default\shared_proto_db\metadata/MANIFEST-000001: Unable to create sequential file (ChromeMethodBFE: 7::NewSequentialFile::1)
[26112:29272:0201/222419.595:WARNING:leveldb_database.cc(141)] Unable to open C:\Users\reese\Documents\GitHub\The-Devouring-Hour\TheDevouringHour\Saved\webcache_6613\Default\shared_proto_db\metadata: IO error: C:\Users\reese\Documents\GitHub\The-Devouring-Hour\TheDevouringHour\Saved\webcache_6613\Default\shared_proto_db\metadata/MANIFEST-000001: Unable to create sequential file (ChromeMethodBFE: 7::NewSequentialFile::1)
[26112:29272:0201/222420.283:WARNING:value_store_frontend.cc(47)] Reading ahfgeienlihckogmohjhadlkjgocpleb.alarms from  failed: IO error: .../MANIFEST-000001: Unable to create sequential file (ChromeMethodBFE: 7::NewSequentialFile::1)
[26112:29272:0201/222420.296:WARNING:value_store_frontend.cc(47)] Reading mhjfbmdgcfjbbpaeojofohoefgiehjai.alarms from  failed: IO error: .../MANIFEST-000001: Unable to create sequential file (ChromeMethodBFE: 7::NewSequentialFile::1)
[30568:30424:0201/222420.830:WARNING:frame_impl.cc(430)] virtual CefFrameImpl::SendProcessMessage sent to detached frame 5-F26C452C1D1B8E0AE386587D13A09622 will be ignored
[26112:28564:0201/222421.717:WARNING:leveldb_database.cc(141)] Unable to open C:\Users\reese\Documents\GitHub\The-Devouring-Hour\TheDevouringHour\Saved\webcache_6613\Default\GCM Store\Encryption: IO error: C:\Users\reese\Documents\GitHub\The-Devouring-Hour\TheDevouringHour\Saved\webcache_6613\Default\GCM Store\Encryption/MANIFEST-000001: Unable to create sequential file (ChromeMethodBFE: 7::NewSequentialFile::1)
[26112:3932:0201/222423.522:ERROR:cast_crl.cc(443)] CRL - Verification failed.
[26112:19132:0201/222543.204:ERROR:usb_descriptors.cc(166)] Device descriptor parsing error.
[26112:19132:0201/222543.204:ERROR:device_event_log_impl.cc(196)] [22:25:43.204] USB: usb_device_win.cc:95 Failed to read descriptors from \\?\usb#vid_5986&pid_212b#6&d303077&0&3#{a5dcbf10-6530-11d2-901f-00c04fb951ed}.
[26112:19132:0201/222543.204:ERROR:device_event_log_impl.cc(196)] [22:25:43.196] USB: usb_service_win.cc:308 SetupDiEnumDeviceInterfaces: No more data is available. (0x103)
[26112:19132:0201/222600.571:ERROR:device_event_log_impl.cc(196)] [22:26:00.554] USB: usb_service_win.cc:308 SetupDiEnumDeviceInterfaces: No more data is available. (0x103)
[26112:19132:0201/222600.853:ERROR:usb_descriptors.cc(122)] Failed to read configuration descriptor.
[26112:19132:0201/222600.853:ERROR:usb_descriptors.cc(105)] Failed to read all configuration descriptors. Expected 1, got 0.
[26112:19132:0201/222600.853:ERROR:device_event_log_impl.cc(196)] [22:26:00.853] USB: usb_device_win.cc:95 Failed to read descriptors from \\?\usb#vid_5986&pid_212b#6&d303077&0&3#{a5dcbf10-6530-11d2-901f-00c04fb951ed}.
[26112:19132:0201/222600.853:ERROR:device_event_log_impl.cc(196)] [22:26:00.805] USB: usb_service_win.cc:308 SetupDiEnumDeviceInterfaces: No more data is available. (0x103)
[26112:19132:0201/222602.469:ERROR:usb_descriptors.cc(166)] Device descriptor parsing error.
[26112:19132:0201/222602.469:ERROR:device_event_log_impl.cc(196)] [22:26:02.469] USB: usb_device_win.cc:95 Failed to read descriptors from \\?\usb#vid_5986&pid_212b#6&d303077&0&3#{a5dcbf10-6530-11d2-901f-00c04fb951ed}.
[26112:19132:0201/222603.085:ERROR:device_event_log_impl.cc(196)] [22:26:03.062] USB: usb_service_win.cc:308 SetupDiEnumDeviceInterfaces: No more data is available. (0x103)
[26112:19132:0201/222603.085:ERROR:usb_descriptors.cc(122)] Failed to read configuration descriptor.
[26112:19132:0201/222603.085:ERROR:usb_descriptors.cc(105)] Failed to read all configuration descriptors. Expected 1, got 0.
[26112:19132:0201/222603.085:ERROR:device_event_log_impl.cc(196)] [22:26:03.085] USB: usb_device_win.cc:95 Failed to read descriptors from \\?\usb#vid_5986&pid_212b#6&d303077&0&3#{a5dcbf10-6530-11d2-901f-00c04fb951ed}.
[26112:19132:0201/222603.086:ERROR:device_event_log_impl.cc(196)] [22:26:03.062] USB: usb_service_win.cc:308 SetupDiEnumDeviceInterfaces: No more data is available. (0x103)
[26112:19132:0201/222902.951:ERROR:usb_descriptors.cc(166)] Device descriptor parsing error.
[26112:19132:0201/222902.951:ERROR:device_event_log_impl.cc(196)] [22:29:02.951] USB: usb_device_win.cc:95 Failed to read descriptors from \\?\usb#vid_5986&pid_212b#6&d303077&0&3#{a5dcbf10-6530-11d2-901f-00c04fb951ed}.
[26112:19132:0201/222902.951:ERROR:device_event_log_impl.cc(196)] [22:29:02.780] USB: usb_service_win.cc:308 SetupDiEnumDeviceInterfaces: No more data is available. (0x103)
[26112:19132:0201/233640.744:WARNING:pref_notifier_impl.cc(41)] Pref observer for media_router.cast_allow_all_ips found at shutdown.
