[22392:34508:0201/125648.236:WARNING:chrome_main_delegate.cc(745)] This is Chrome version 128.0.6613.138 (not a warning)
[22392:31580:0201/125648.294:ERROR:google_update_settings.cc(265)] Failed opening key Software\Chromium to set usagestats; result: 5
[22392:34508:0201/125648.322:WARNING:account_consistency_mode_manager.cc(77)] Desktop Identity Consistency cannot be enabled as no OAuth client ID and client secret have been configured.
[22392:26744:0201/125652.140:WARNING:leveldb_database.cc(141)] Unable to open C:\Users\reese\Documents\GitHub\The-Devouring-Hour\TheDevouringHour\Saved\webcache_6613\Default\shared_proto_db\metadata: IO error: C:\Users\reese\Documents\GitHub\The-Devouring-Hour\TheDevouringHour\Saved\webcache_6613\Default\shared_proto_db\metadata/MANIFEST-000001: Unable to create sequential file (ChromeMethodBFE: 7::NewSequentialFile::1)
[22392:26744:0201/125652.145:WARNING:leveldb_database.cc(141)] Unable to open C:\Users\reese\Documents\GitHub\The-Devouring-Hour\TheDevouringHour\Saved\webcache_6613\Default\shared_proto_db\metadata: IO error: C:\Users\reese\Documents\GitHub\The-Devouring-Hour\TheDevouringHour\Saved\webcache_6613\Default\shared_proto_db\metadata/MANIFEST-000001: Unable to create sequential file (ChromeMethodBFE: 7::NewSequentialFile::1)
[22392:26744:0201/125652.149:WARNING:leveldb_database.cc(141)] Unable to open C:\Users\reese\Documents\GitHub\The-Devouring-Hour\TheDevouringHour\Saved\webcache_6613\Default\shared_proto_db\metadata: IO error: C:\Users\reese\Documents\GitHub\The-Devouring-Hour\TheDevouringHour\Saved\webcache_6613\Default\shared_proto_db\metadata/MANIFEST-000001: Unable to create sequential file (ChromeMethodBFE: 7::NewSequentialFile::1)
[22392:26744:0201/125652.155:WARNING:leveldb_database.cc(141)] Unable to open C:\Users\reese\Documents\GitHub\The-Devouring-Hour\TheDevouringHour\Saved\webcache_6613\Default\shared_proto_db\metadata: IO error: C:\Users\reese\Documents\GitHub\The-Devouring-Hour\TheDevouringHour\Saved\webcache_6613\Default\shared_proto_db\metadata/MANIFEST-000001: Unable to create sequential file (ChromeMethodBFE: 7::NewSequentialFile::1)
[22392:26744:0201/125652.681:WARNING:value_store_frontend.cc(47)] Reading ahfgeienlihckogmohjhadlkjgocpleb.alarms from  failed: IO error: .../MANIFEST-000001: Unable to create sequential file (ChromeMethodBFE: 7::NewSequentialFile::1)
[22392:26744:0201/125652.684:WARNING:value_store_frontend.cc(47)] Reading mhjfbmdgcfjbbpaeojofohoefgiehjai.alarms from  failed: IO error: .../MANIFEST-000001: Unable to create sequential file (ChromeMethodBFE: 7::NewSequentialFile::1)
[7660:12972:0201/125653.059:WARNING:frame_impl.cc(430)] virtual CefFrameImpl::SendProcessMessage sent to detached frame 5-471A69A7E368EA8E19ECFABB3A413938 will be ignored
[22392:30212:0201/125653.973:WARNING:browser_info.cc(345)] Returning a speculative frame for [7,9]
[22392:34508:0201/125654.082:WARNING:browser_info.cc(345)] Returning a speculative frame for [9,9]
[22392:34508:0201/125654.082:WARNING:browser_info.cc(345)] Returning a speculative frame for [9,9]
[22392:34508:0201/125654.082:WARNING:browser_info.cc(345)] Returning a speculative frame for [9,9]
[22392:34508:0201/125654.082:WARNING:browser_info.cc(345)] Returning a speculative frame for [9,9]
[22392:30212:0201/125654.091:WARNING:browser_info.cc(345)] Returning a speculative frame for [9,9]
[22392:30212:0201/125656.033:ERROR:cast_crl.cc(443)] CRL - Verification failed.
[22392:8148:0201/125656.891:WARNING:leveldb_database.cc(141)] Unable to open C:\Users\reese\Documents\GitHub\The-Devouring-Hour\TheDevouringHour\Saved\webcache_6613\Default\GCM Store\Encryption: IO error: C:\Users\reese\Documents\GitHub\The-Devouring-Hour\TheDevouringHour\Saved\webcache_6613\Default\GCM Store\Encryption/MANIFEST-000001: Unable to create sequential file (ChromeMethodBFE: 7::NewSequentialFile::1)
[34580:29484:0201/125904.071:ERROR:shared_image_manager.cc(224)] SharedImageManager::ProduceSkia: Trying to Produce a Skia representation from a non-existent mailbox.
[22392:34508:0201/135538.321:WARNING:pref_notifier_impl.cc(41)] Pref observer for media_router.cast_allow_all_ips found at shutdown.
